same subtype not found across S_CDT->S_DT[R17]->S_CDT[R17]:  DT_ID 149 
instances checked:  872
checks made:  4394
errors found:  1
