one instance not found O_ATTR->O_ATTR[R103.'succeeds']:  Attr_ID 68 current_state
instances checked:  871
checks made:  4393
errors found:  1
