subtype not found from O_BATTR across R107:  Attr_ID 96 
instances checked:  870
checks made:  4392
errors found:  1
