one instance not found S_ENUM->S_ENUM[R56.'succeeds']:  Enum_ID 284 low
instances checked:  870
checks made:  4391
errors found:  1
