one instance not found S_ENUM->S_ENUM[R56.'succeeds']:  Enum_ID 285 med_high
instances checked:  870
checks made:  4390
errors found:  1
