subtype not found from SM_SM across R510:  SM_ID 100 
one instance not found SM_MOAH->SM_STATE[R511]:  Act_ID 108 
one instance not found SM_MOAH->SM_STATE[R511]:  Act_ID 106 
instances checked:  870
checks made:  4392
errors found:  3
