supertype not found across C_C->PE_PE[R8001]:  Id 3 MicrowaveOven
instances checked:  870
checks made:  4370
errors found:  1
