subtype not found from SM_AH across R513:  Act_ID 78 
instances checked:  870
checks made:  4390
errors found:  1
