instances checked:  871
checks made:  4393
errors found:  
