supertype not found across R_RGO->R_OIR[R203]:  OIR_ID 209 
one instance not found R_OIR->O_OBJ[R201]:  OIR_ID 209 
subtype not found from R_OIR across R203:  OIR_ID 209 
instances checked:  871
checks made:  4392
errors found:  3
