one instance not found SM_ISM->O_OBJ[R518]:  SM_ID 100 
instances checked:  871
checks made:  4393
errors found:  1
