one instance not found S_BPARM->S_BPARM[R55.'succeeds']:  BParm_ID 12 minute
instances checked:  871
checks made:  4393
errors found:  1
