uniqueness violation in O_ATTR for identifier 1:  Attr_ID 95 BeeperID
subtype not found from O_ATTR across R106:  Attr_ID 95 BeeperID
uniqueness violation in O_ATTR for identifier 1:  Attr_ID 95 BeeperID
instances checked:  872
checks made:  4399
errors found:  3
